Checking whether the ASM compiler is GNU using "--version" did not match "(GNU assembler)|(GCC)|(Free Software Foundation)":
Android (12285214, +pgo, +bolt, +lto, +mlgo, based on r522817b) clang version 18.0.2 (https://android.googlesource.com/toolchain/llvm-project d8003a456d14a3deb8054cdaa529ffbf02d9b262)
Target: x86_64-unknown-linux-gnu
Thread model: posix
InstalledDir: /home/freedomfighter/android-sdk/ndk/27.1.12297006/toolchains/llvm/prebuilt/linux-x86_64/bin
Performing C SOURCE FILE Test CMAKE_HAVE_LIBC_PTHREAD failed with the following output:
Change Dir: /home/freedomfighter/code/readers-recorder/app/.cxx/Debug/613t3z3f/x86_64/CMakeFiles/CMakeTmp

Run Build Command(s):/home/freedomfighter/android-sdk/cmake/3.22.1/bin/ninja cmTC_1b42f && [1/2] Building C object CMakeFiles/cmTC_1b42f.dir/src.c.o
FAILED: CMakeFiles/cmTC_1b42f.dir/src.c.o 
/home/freedomfighter/android-sdk/ndk/27.1.12297006/toolchains/llvm/prebuilt/linux-x86_64/bin/clang --target=x86_64-none-linux-android26 --sysroot=/home/freedomfighter/android-sdk/ndk/27.1.12297006/toolchains/llvm/prebuilt/linux-x86_64/sysroot -DCMAKE_HAVE_LIBC_PTHREAD  -g -DANDROID -fdata-sections -ffunction-sections -funwind-tables -fstack-protector-strong -no-canonical-prefixes -D_FORTIFY_SOURCE=2 -Wformat -Werror=format-security   -fPIE -std=gnu11 -MD -MT CMakeFiles/cmTC_1b42f.dir/src.c.o -MF CMakeFiles/cmTC_1b42f.dir/src.c.o.d -o CMakeFiles/cmTC_1b42f.dir/src.c.o -c /home/freedomfighter/code/readers-recorder/app/.cxx/Debug/613t3z3f/x86_64/CMakeFiles/CMakeTmp/src.c
/home/freedomfighter/code/readers-recorder/app/.cxx/Debug/613t3z3f/x86_64/CMakeFiles/CMakeTmp/src.c:13:3: error: call to undeclared function 'pthread_cancel'; ISO C99 and later do not support implicit function declarations [-Wimplicit-function-declaration]
   13 |   pthread_cancel(thread);
      |   ^
/home/freedomfighter/code/readers-recorder/app/.cxx/Debug/613t3z3f/x86_64/CMakeFiles/CMakeTmp/src.c:13:3: note: did you mean 'pthread_once'?
/home/freedomfighter/android-sdk/ndk/27.1.12297006/toolchains/llvm/prebuilt/linux-x86_64/sysroot/usr/include/pthread.h:264:5: note: 'pthread_once' declared here
  264 | int pthread_once(pthread_once_t* _Nonnull __once, void (* _Nonnull __init_routine)(void));
      |     ^
1 error generated.
ninja: build stopped: subcommand failed.


Source file was:
#include <pthread.h>

static void* test_func(void* data)
{
  return data;
}

int main(void)
{
  pthread_t thread;
  pthread_create(&thread, NULL, test_func, NULL);
  pthread_detach(thread);
  pthread_cancel(thread);
  pthread_join(thread, NULL);
  pthread_atfork(NULL, NULL, NULL);
  pthread_exit(NULL);

  return 0;
}

